Namespace(batch=1, ckpt='checkpoints/full_imu_tartan_v2_200_final_000200.pth', clip=2.5, datapath='/home/ubuntu/SLAM/datasets/tartanair_v2', datasets=['tartan_v2'], disable_flow_loss=False, edges=24, eval_only=False, fmax=96.0, fmin=8.0, freeze_non_imu=True, gpus=1, imu_acc_bias_init=None, imu_ba_weight=0.02, imu_bias_init=None, imu_conf_floor=0.0, imu_full_bias_weight=0.001, imu_full_pos_weight=0.05, imu_full_vel_weight=0.05, imu_gamma=0.9, imu_max_residual=0.5, imu_prior_name='imu_prior.csv', imu_require=False, imu_smooth_beta=0.05, iters=5, log_freq=100, lr=5e-05, n_frames=7, name='full_imu_tartan_v2_long_20k', noise=False, num_workers=0, restart_prob=0.2, save_final=True, save_freq=1000, scale=False, steps=20000, use_full_imu_ba=True, use_imu_ba=True, use_imu_loss=True, w1=10.0, w2=0.01, w3=0.05, w_imu=0.05, w_imu_bias=0.0001, world_size=1)
[TRAIN] freeze_non_imu=True, trainable_parameters=148744
Building TartanAir V2 dataset: trajectories=7, frames=500, camera=lcam_front
Dataset tartan_v2 has 458 images
['rot_error', 'tr_error', 'bad_rot', 'bad_tr', 'residual', 'f_error', '1px', 'imu_rot_loss', 'imu_rot_error', 'imu_edges', 'imu_bias_norm', 'imu_bias_x', 'imu_bias_y', 'imu_bias_z', 'imu_acc_bias_norm', 'imu_acc_bias_x', 'imu_acc_bias_y', 'imu_acc_bias_z', 'imu_conf_mean', 'imu_conf_min', 'imu_conf_max', 'imu_ba_weight']
[   100,  0.0000262]     0.9626,     0.0565,     0.6704,     0.7934,     6.2843,    18.5218,     0.4912,     0.2972,    10.6413,    29.8400,     0.0021,    -0.0007,    -0.0003,    -0.0020,     0.0000,     0.0000,    -0.0000,    -0.0000,     0.4732,     0.4481,     0.5009,     0.0200, 
[   200,  0.0000500]     1.0818,     0.0571,     0.6570,     0.8003,     6.3951,    15.8268,     0.5231,     0.2831,    10.1104,    29.7900,     0.0025,    -0.0009,    -0.0002,    -0.0023,     0.0000,    -0.0000,     0.0000,    -0.0000,     0.4441,     0.4180,     0.4706,     0.0200, 
[   300,  0.0000500]     0.7488,     0.0465,     0.6878,     0.8166,     6.0292,    17.8946,     0.5312,     0.2944,    10.3730,    29.8700,     0.0029,    -0.0008,    -0.0005,    -0.0027,     0.0000,     0.0000,    -0.0000,     0.0000,     0.4005,     0.3675,     0.4360,     0.0200, 
[   400,  0.0000500]     1.1828,     0.0708,     0.6773,     0.8134,     6.4623,    21.8122,     0.5107,     0.2849,    10.1195,    29.8700,     0.0041,    -0.0016,    -0.0014,    -0.0035,     0.0000,     0.0000,    -0.0000,     0.0000,     0.4782,     0.4342,     0.5242,     0.0200, 
[   500,  0.0000500]     1.0224,     0.0557,     0.6652,     0.7727,     6.4543,    20.3344,     0.5014,     0.3108,    11.0176,    29.9400,     0.0061,    -0.0026,    -0.0016,    -0.0053,     0.0000,     0.0000,     0.0000,     0.0000,     0.5731,     0.5187,     0.6260,     0.0200, 
[   600,  0.0000499]     1.1206,     0.0483,     0.6833,     0.8258,     6.2778,    17.6983,     0.5201,     0.2889,    10.3838,    29.8500,     0.0071,    -0.0028,    -0.0014,    -0.0064,     0.0000,     0.0000,    -0.0000,     0.0000,     0.5749,     0.5167,     0.6366,     0.0200, 
[   700,  0.0000499]     1.2489,     0.0673,     0.6614,     0.8053,     6.2871,    21.3064,     0.5215,     0.2885,    10.2439,    29.7900,     0.0086,    -0.0036,    -0.0013,    -0.0078,     0.0000,     0.0000,    -0.0000,     0.0000,     0.5698,     0.5031,     0.6371,     0.0201, 
[   800,  0.0000499]     0.8557,     0.0637,     0.6895,     0.8213,     6.2457,    19.1124,     0.5320,     0.2919,    10.3472,    29.8800,     0.0089,    -0.0038,    -0.0014,    -0.0079,     0.0001,     0.0000,    -0.0000,     0.0000,     0.5156,     0.4462,     0.5908,     0.0201, 
[   900,  0.0000498]     1.3762,     0.0641,     0.6714,     0.8078,     6.4807,    21.9107,     0.5015,     0.3086,    10.9272,    29.7900,     0.0091,    -0.0039,    -0.0028,    -0.0077,     0.0001,     0.0000,    -0.0000,     0.0000,     0.6729,     0.5925,     0.7543,     0.0201, 
[  1000,  0.0000498]     1.0278,     0.0512,     0.6469,     0.7777,     6.0471,    17.4996,     0.5000,     0.2965,    10.5875,    29.9000,     0.0092,    -0.0036,    -0.0029,    -0.0080,     0.0000,    -0.0000,     0.0000,     0.0000,     0.7431,     0.6793,     0.8077,     0.0201, 
[CKPT] saved checkpoints/full_imu_tartan_v2_long_20k_001000.pth
[  1100,  0.0000497]     0.9471,     0.0417,     0.6677,     0.8192,     6.3045,    16.5813,     0.5262,     0.2834,    10.2055,    29.7800,     0.0098,    -0.0038,    -0.0033,    -0.0084,     0.0001,     0.0000,    -0.0000,     0.0000,     0.7317,     0.6650,     0.7975,     0.0201, 
[  1200,  0.0000497]     1.1871,     0.0676,     0.6340,     0.7787,     6.7833,    21.6231,     0.4925,     0.2921,    10.4346,    29.8800,     0.0099,    -0.0043,    -0.0032,    -0.0084,     0.0000,     0.0000,    -0.0000,    -0.0000,     0.6561,     0.5644,     0.7504,     0.0201, 
[  1300,  0.0000496]     1.4660,     0.0780,     0.6811,     0.7764,     6.1186,    20.6165,     0.5108,     0.2888,    10.1391,    29.8100,     0.0108,    -0.0046,    -0.0041,    -0.0088,     0.0001,     0.0000,    -0.0000,     0.0000,     0.5140,     0.4044,     0.6268,     0.0201, 
[  1400,  0.0000495]     1.0358,     0.0468,     0.6715,     0.8113,     6.4910,    18.8683,     0.5003,     0.3132,    11.0731,    29.8800,     0.0119,    -0.0052,    -0.0048,    -0.0096,     0.0000,    -0.0000,     0.0000,     0.0000,     0.5608,     0.4555,     0.6693,     0.0201, 
[  1500,  0.0000495]     1.0811,     0.0507,     0.6708,     0.8061,     6.6300,    18.5947,     0.5062,     0.2896,    10.3387,    29.8000,     0.0122,    -0.0051,    -0.0047,    -0.0100,     0.0000,    -0.0000,    -0.0000,     0.0000,     0.5919,     0.4833,     0.7129,     0.0201, 
[  1600,  0.0000494]     0.9645,     0.0611,     0.6927,     0.7846,     6.6560,    18.8023,     0.5230,     0.2856,    10.2259,    29.8300,     0.0126,    -0.0056,    -0.0043,    -0.0104,     0.0000,    -0.0000,    -0.0000,    -0.0000,     0.5583,     0.4497,     0.6686,     0.0201, 
[  1700,  0.0000493]     1.0756,     0.0709,     0.6620,     0.7880,     6.3353,    21.0276,     0.5140,     0.2990,    10.4872,    29.8800,     0.0130,    -0.0055,    -0.0048,    -0.0107,     0.0000,     0.0000,    -0.0000,    -0.0000,     0.5596,     0.4515,     0.6728,     0.0201, 
[  1800,  0.0000492]     1.2376,     0.0603,     0.6845,     0.8128,     6.2574,    19.3813,     0.5155,     0.2920,    10.4087,    29.8400,     0.0140,    -0.0055,    -0.0056,    -0.0116,     0.0000,     0.0000,    -0.0000,     0.0000,     0.6453,     0.5439,     0.7447,     0.0202, 
[  1900,  0.0000491]     0.6837,     0.0490,     0.6995,     0.7933,     6.0041,    17.0089,     0.5205,     0.3041,    10.7341,    29.9000,     0.0151,    -0.0058,    -0.0059,    -0.0126,     0.0000,     0.0000,     0.0000,     0.0000,     0.7027,     0.6194,     0.7903,     0.0202, 
[  2000,  0.0000490]     1.3063,     0.0537,     0.6496,     0.7956,     6.5082,    17.7027,     0.5082,     0.2911,    10.4131,    29.9000,     0.0154,    -0.0060,    -0.0061,    -0.0129,     0.0000,     0.0000,    -0.0000,     0.0000,     0.6789,     0.5822,     0.7766,     0.0202, 
[CKPT] saved checkpoints/full_imu_tartan_v2_long_20k_002000.pth
[  2100,  0.0000489]     0.8972,     0.0620,     0.6629,     0.7963,     6.7442,    20.4233,     0.5051,     0.2844,    10.1397,    29.8700,     0.0160,    -0.0064,    -0.0063,    -0.0132,     0.0000,     0.0000,     0.0000,     0.0000,     0.6547,     0.5476,     0.7658,     0.0202, 
[  2200,  0.0000488]     1.2262,     0.0759,     0.6777,     0.7846,     6.3118,    21.0900,     0.5111,     0.2920,    10.3043,    29.8500,     0.0171,    -0.0064,    -0.0071,    -0.0142,     0.0000,     0.0000,    -0.0000,    -0.0000,     0.6726,     0.5780,     0.7685,     0.0202, 
[  2300,  0.0000486]     1.2009,     0.0559,     0.6838,     0.8009,     6.2727,    18.7376,     0.5145,     0.3055,    10.8094,    29.8300,     0.0182,    -0.0066,    -0.0080,    -0.0150,     0.0001,     0.0000,     0.0000,     0.0000,     0.6792,     0.5911,     0.7709,     0.0202, 
[  2400,  0.0000485]     1.1614,     0.0558,     0.6647,     0.7841,     6.3629,    19.3012,     0.4876,     0.3019,    10.6829,    29.8800,     0.0187,    -0.0062,    -0.0078,    -0.0159,     0.0000,     0.0000,    -0.0000,    -0.0000,     0.7109,     0.6136,     0.8142,     0.0202, 
[  2500,  0.0000484]     1.0857,     0.0713,     0.6241,     0.7754,     6.8814,    21.1943,     0.5061,     0.2823,    10.0842,    29.8400,     0.0187,    -0.0063,    -0.0070,    -0.0161,     0.0000,     0.0000,     0.0000,    -0.0000,     0.6806,     0.5809,     0.7831,     0.0202, 
[  2600,  0.0000482]     0.8808,     0.0596,     0.6455,     0.8046,     6.2795,    18.2602,     0.5164,     0.2984,    10.5096,    29.9000,     0.0198,    -0.0066,    -0.0072,    -0.0172,     0.0000,     0.0000,     0.0000,     0.0000,     0.6896,     0.5969,     0.7866,     0.0202, 
[  2700,  0.0000481]     1.3534,     0.0643,     0.6581,     0.8110,     6.8786,    21.2419,     0.5046,     0.2886,    10.3443,    29.8700,     0.0211,    -0.0073,    -0.0081,    -0.0181,     0.0000,     0.0000,    -0.0000,    -0.0000,     0.7459,     0.6540,     0.8352,     0.0203, 
[  2800,  0.0000479]     0.8884,     0.0536,     0.6908,     0.7984,     5.8950,    17.9532,     0.5166,     0.3123,    10.9848,    29.9200,     0.0221,    -0.0080,    -0.0084,    -0.0188,     0.0000,     0.0000,     0.0000,     0.0000,     0.7298,     0.6418,     0.8175,     0.0203, 
[  2900,  0.0000477]     1.1327,     0.0445,     0.6442,     0.8024,     6.8321,    17.9477,     0.5028,     0.2890,    10.3476,    29.8300,     0.0224,    -0.0078,    -0.0082,    -0.0193,     0.0000,    -0.0000,    -0.0000,    -0.0000,     0.6885,     0.5875,     0.7976,     0.0203, 
[  3000,  0.0000476]     1.1054,     0.0573,     0.6732,     0.8073,     6.6417,    19.0646,     0.5162,     0.2802,    10.0788,    29.8000,     0.0226,    -0.0079,    -0.0081,    -0.0196,     0.0000,    -0.0000,     0.0000,    -0.0000,     0.6423,     0.5314,     0.7573,     0.0203, 
[CKPT] saved checkpoints/full_imu_tartan_v2_long_20k_003000.pth
[  3100,  0.0000474]     0.9645,     0.0657,     0.6652,     0.7929,     6.1084,    19.6340,     0.5243,     0.2981,    10.5699,    29.8800,     0.0232,    -0.0081,    -0.0087,    -0.0200,     0.0001,     0.0000,    -0.0000,     0.0000,     0.6028,     0.4841,     0.7251,     0.0203, 
[  3200,  0.0000472]     1.1709,     0.0511,     0.6812,     0.8364,     6.7830,    20.6625,     0.5074,     0.3046,    10.8341,    29.8200,     0.0241,    -0.0085,    -0.0097,    -0.0203,     0.0001,     0.0000,    -0.0000,    -0.0000,     0.6105,     0.5041,     0.7233,     0.0203, 
[  3300,  0.0000470]     1.1026,     0.0575,     0.6936,     0.7785,     6.3053,    19.8984,     0.4991,     0.2995,    10.6699,    29.8800,     0.0246,    -0.0087,    -0.0095,    -0.0210,     0.0000,     0.0000,     0.0000,     0.0000,     0.6939,     0.5949,     0.7967,     0.0203, 
[  3400,  0.0000468]     0.9816,     0.0457,     0.6705,     0.8239,     6.2023,    16.4904,     0.5300,     0.2821,    10.0862,    29.8100,     0.0249,    -0.0089,    -0.0089,    -0.0214,     0.0001,    -0.0000,     0.0000,    -0.0000,     0.6539,     0.5397,     0.7683,     0.0203, 
[  3500,  0.0000466]     0.8560,     0.0624,     0.6469,     0.8044,     6.5941,    20.3700,     0.5128,     0.2891,    10.2811,    29.8900,     0.0252,    -0.0090,    -0.0088,    -0.0219,     0.0000,     0.0000,     0.0000,     0.0000,     0.6096,     0.4967,     0.7256,     0.0203, 
[  3600,  0.0000464]     1.6307,     0.0737,     0.6798,     0.7786,     6.4615,    21.9451,     0.5030,     0.2960,    10.4060,    29.7300,     0.0267,    -0.0088,    -0.0100,    -0.0232,     0.0000,     0.0000,    -0.0000,     0.0000,     0.5317,     0.4076,     0.6666,     0.0203, 
[  3700,  0.0000462]     0.9732,     0.0492,     0.6901,     0.8227,     6.1059,    19.3964,     0.5132,     0.3098,    10.9811,    29.8900,     0.0280,    -0.0092,    -0.0103,    -0.0243,     0.0000,     0.0000,     0.0000,     0.0000,     0.5638,     0.4498,     0.6816,     0.0203, 
[  3800,  0.0000460]     1.0042,     0.0544,     0.6476,     0.7943,     6.7417,    20.6682,     0.4966,     0.2890,    10.2911,    29.8800,     0.0285,    -0.0090,    -0.0101,    -0.0251,     0.0000,    -0.0000,    -0.0000,    -0.0000,     0.5832,     0.4536,     0.7188,     0.0203, 
[  3900,  0.0000458]     1.0091,     0.0700,     0.6572,     0.7770,     6.3117,    20.9043,     0.5112,     0.2869,    10.3015,    29.8200,     0.0290,    -0.0091,    -0.0101,    -0.0256,     0.0000,     0.0000,     0.0000,    -0.0000,     0.5082,     0.3857,     0.6440,     0.0203, 
[  4000,  0.0000456]     1.1537,     0.0735,     0.6792,     0.7906,     6.3343,    21.8698,     0.5132,     0.2942,    10.4091,    29.8000,     0.0296,    -0.0093,    -0.0101,    -0.0262,     0.0000,     0.0000,    -0.0000,     0.0000,     0.3633,     0.2294,     0.5169,     0.0203, 
[CKPT] saved checkpoints/full_imu_tartan_v2_long_20k_004000.pth
[  4100,  0.0000454]     1.1980,     0.0531,     0.6758,     0.8234,     5.7869,    18.4223,     0.5252,     0.2965,    10.5991,    29.8000,     0.0303,    -0.0093,    -0.0106,    -0.0269,     0.0000,     0.0000,    -0.0000,     0.0000,     0.3581,     0.2341,     0.4956,     0.0204, 
[  4200,  0.0000451]     0.9106,     0.0517,     0.6781,     0.8075,     5.9907,    19.0014,     0.5169,     0.2984,    10.6245,    29.8800,     0.0308,    -0.0093,    -0.0105,    -0.0275,     0.0000,     0.0000,     0.0000,     0.0000,     0.3788,     0.2623,     0.5179,     0.0204, 
[  4300,  0.0000449]     0.9607,     0.0423,     0.6638,     0.8275,     6.1414,    16.3129,     0.5143,     0.2867,    10.2609,    29.8400,     0.0311,    -0.0096,    -0.0107,    -0.0276,     0.0000,    -0.0000,    -0.0000,    -0.0000,     0.3492,     0.2251,     0.4865,     0.0204, 
[  4400,  0.0000446]     1.2102,     0.0741,     0.6220,     0.7750,     6.9851,    22.1080,     0.4906,     0.2907,    10.3667,    29.8500,     0.0314,    -0.0100,    -0.0108,    -0.0278,     0.0000,     0.0000,     0.0000,    -0.0000,     0.4239,     0.2867,     0.5831,     0.0204, 
[  4500,  0.0000444]     1.2632,     0.0716,     0.6886,     0.8027,     6.5563,    21.5998,     0.5193,     0.2886,    10.2021,    29.8200,     0.0318,    -0.0097,    -0.0113,    -0.0281,     0.0000,     0.0000,    -0.0000,    -0.0000,     0.4285,     0.3042,     0.5731,     0.0204, 
[  4600,  0.0000441]     1.0855,     0.0553,     0.6480,     0.7640,     6.3487,    20.1174,     0.4949,     0.3058,    10.8381,    29.8500,     0.0329,    -0.0099,    -0.0119,    -0.0291,     0.0000,     0.0000,     0.0000,     0.0000,     0.4501,     0.3197,     0.5913,     0.0204, 
[  4700,  0.0000439]     1.0646,     0.0484,     0.6779,     0.8263,     6.7580,    18.3320,     0.4966,     0.2976,    10.5307,    29.8700,     0.0328,    -0.0101,    -0.0118,    -0.0289,     0.0000,     0.0000,    -0.0000,     0.0000,     0.4421,     0.3182,     0.5854,     0.0204, 
[  4800,  0.0000436]     1.2678,     0.0656,     0.6457,     0.7878,     6.7821,    19.2008,     0.5119,     0.2836,    10.2138,    29.8200,     0.0333,    -0.0104,    -0.0120,    -0.0293,     0.0000,     0.0000,    -0.0000,     0.0000,     0.3644,     0.2431,     0.4998,     0.0204, 
[  4900,  0.0000434]     0.7760,     0.0535,     0.6868,     0.8264,     6.2251,    18.2485,     0.5174,     0.2919,    10.3360,    29.9300,     0.0338,    -0.0103,    -0.0121,    -0.0298,     0.0000,     0.0000,     0.0000,    -0.0000,     0.4026,     0.2892,     0.5308,     0.0204, 
[  5000,  0.0000431]     1.4266,     0.0689,     0.6670,     0.7934,     6.6163,    20.6716,     0.5035,     0.2941,    10.4160,    29.7900,     0.0345,    -0.0103,    -0.0130,    -0.0302,     0.0000,     0.0000,    -0.0000,     0.0000,     0.4885,     0.3576,     0.6286,     0.0204, 
[CKPT] saved checkpoints/full_imu_tartan_v2_long_20k_005000.pth
[  5100,  0.0000428]     0.9387,     0.0511,     0.6799,     0.8009,     5.7127,    17.0184,     0.5230,     0.3098,    10.9236,    29.8200,     0.0351,    -0.0103,    -0.0132,    -0.0309,     0.0000,     0.0000,     0.0000,     0.0000,     0.6416,     0.5260,     0.7580,     0.0205, 
[  5200,  0.0000425]     1.1069,     0.0517,     0.6867,     0.8150,     6.6820,    18.2171,     0.5088,     0.2857,    10.2016,    29.8100,     0.0356,    -0.0102,    -0.0134,    -0.0314,     0.0000,     0.0000,     0.0000,    -0.0000,     0.6463,     0.5304,     0.7695,     0.0205, 
[  5300,  0.0000422]     1.1128,     0.0724,     0.6455,     0.7694,     6.8853,    21.2095,     0.5042,     0.2805,    10.0523,    29.7900,     0.0357,    -0.0101,    -0.0135,    -0.0315,     0.0000,     0.0000,     0.0000,     0.0000,     0.4846,     0.3536,     0.6249,     0.0205, 
[  5400,  0.0000420]     1.0804,     0.0697,     0.6681,     0.7908,     6.3180,    19.9149,     0.5211,     0.2966,    10.4956,    29.8600,     0.0360,    -0.0098,    -0.0141,    -0.0317,     0.0000,     0.0000,    -0.0000,    -0.0000,     0.4105,     0.2835,     0.5487,     0.0205, 
[  5500,  0.0000417]     1.2165,     0.0645,     0.6439,     0.7997,     6.6469,    21.5225,     0.5007,     0.3027,    10.6783,    29.8400,     0.0369,    -0.0097,    -0.0146,    -0.0324,     0.0000,     0.0000,    -0.0000,    -0.0000,     0.4997,     0.3794,     0.6286,     0.0205, 
[  5600,  0.0000414]     1.0823,     0.0501,     0.7039,     0.8237,     6.1806,    18.1321,     0.5082,     0.2970,    10.6445,    29.8800,     0.0375,    -0.0095,    -0.0145,    -0.0333,     0.0000,     0.0000,    -0.0000,    -0.0000,     0.5628,     0.4502,     0.6908,     0.0205, 
[  5700,  0.0000411]     1.0336,     0.0526,     0.6587,     0.8033,     6.4745,    17.5667,     0.5145,     0.2832,    10.1268,    29.8400,     0.0375,    -0.0092,    -0.0144,    -0.0334,     0.0000,    -0.0000,    -0.0000,     0.0000,     0.4464,     0.3239,     0.5777,     0.0205, 
[  5800,  0.0000408]     0.6671,     0.0445,     0.6670,     0.8204,     6.2369,    17.4455,     0.5291,     0.2929,    10.3575,    29.8800,     0.0379,    -0.0096,    -0.0144,    -0.0337,     0.0000,     0.0000,    -0.0000,     0.0000,     0.5301,     0.4166,     0.6514,     0.0205, 
[  5900,  0.0000405]     1.3942,     0.0670,     0.6718,     0.7964,     6.5053,    22.2560,     0.5077,     0.2831,    10.0867,    29.8400,     0.0382,    -0.0099,    -0.0153,    -0.0335,     0.0000,     0.0000,    -0.0000,     0.0000,     0.5818,     0.4585,     0.7142,     0.0205, 
[  6000,  0.0000401]     0.8678,     0.0517,     0.6773,     0.7780,     5.8718,    19.0255,     0.5050,     0.3150,    11.1063,    29.9300,     0.0389,    -0.0099,    -0.0154,    -0.0343,     0.0000,     0.0000,     0.0000,     0.0000,     0.6352,     0.5237,     0.7495,     0.0205, 
[CKPT] saved checkpoints/full_imu_tartan_v2_long_20k_006000.pth
[  6100,  0.0000398]     1.1414,     0.0521,     0.6561,     0.8026,     6.6956,    19.6211,     0.5063,     0.2914,    10.3896,    29.8700,     0.0392,    -0.0096,    -0.0150,    -0.0350,     0.0000,     0.0000,     0.0000,    -0.0000,     0.6164,     0.4989,     0.7488,     0.0205, 
[  6200,  0.0000395]     1.0175,     0.0625,     0.6840,     0.7875,     6.2042,    19.3082,     0.5202,     0.2842,    10.1169,    29.8100,     0.0397,    -0.0096,    -0.0147,    -0.0356,     0.0000,    -0.0000,     0.0000,     0.0000,     0.5086,     0.3868,     0.6423,     0.0205, 
[  6300,  0.0000392]     0.8509,     0.0701,     0.6877,     0.7848,     6.3346,    21.2320,     0.5229,     0.2957,    10.4487,    29.9000,     0.0398,    -0.0095,    -0.0148,    -0.0357,     0.0000,     0.0000,    -0.0000,     0.0000,     0.4025,     0.2884,     0.5326,     0.0205, 
[  6400,  0.0000388]     1.4202,     0.0610,     0.6689,     0.8227,     6.0833,    22.1875,     0.5090,     0.3058,    10.7698,    29.6900,     0.0413,    -0.0095,    -0.0156,    -0.0370,     0.0000,     0.0000,     0.0000,     0.0000,     0.5244,     0.4051,     0.6531,     0.0206, 
[  6500,  0.0000385]     1.1828,     0.0663,     0.6570,     0.7643,     6.4950,    22.5043,     0.4869,     0.2964,    10.6349,    29.8400,     0.0420,    -0.0095,    -0.0153,    -0.0380,     0.0000,     0.0000,     0.0000,     0.0000,     0.5952,     0.4868,     0.7116,     0.0206, 
[  6600,  0.0000382]     0.6162,     0.0302,     0.7107,     0.8527,     6.1751,    14.4187,     0.5417,     0.2827,    10.1871,    29.8500,     0.0420,    -0.0098,    -0.0156,    -0.0378,     0.0001,     0.0000,    -0.0000,    -0.0000,     0.4804,     0.3596,     0.6118,     0.0206, 
[  6700,  0.0000378]     1.1482,     0.0690,     0.6354,     0.7821,     6.6532,    19.6253,     0.4976,     0.2925,    10.4025,    29.9100,     0.0422,    -0.0100,    -0.0157,    -0.0379,     0.0000,     0.0000,    -0.0000,     0.0000,     0.4535,     0.3370,     0.5863,     0.0206, 
[  6800,  0.0000375]     1.3061,     0.0757,     0.6908,     0.8102,     5.8451,    21.5941,     0.5223,     0.2856,    10.1520,    29.7900,     0.0432,    -0.0104,    -0.0161,    -0.0387,     0.0001,     0.0000,    -0.0000,     0.0000,     0.4889,     0.3694,     0.6174,     0.0206, 
[  6900,  0.0000372]     1.1878,     0.0561,     0.6726,     0.7783,     6.7896,    19.7657,     0.4979,     0.3123,    11.1007,    29.8400,     0.0444,    -0.0106,    -0.0166,    -0.0398,     0.0000,    -0.0000,     0.0000,     0.0000,     0.6210,     0.5067,     0.7419,     0.0206, 
[  7000,  0.0000368]     1.2914,     0.0519,     0.6746,     0.8049,     6.6803,    19.9455,     0.4977,     0.2913,    10.4460,    29.7800,     0.0446,    -0.0105,    -0.0163,    -0.0402,     0.0000,     0.0000,    -0.0000,    -0.0000,     0.6248,     0.5102,     0.7472,     0.0206, 
[CKPT] saved checkpoints/full_imu_tartan_v2_long_20k_007000.pth
[  7100,  0.0000365]     1.0361,     0.0650,     0.6742,     0.7841,     6.2450,    19.7069,     0.5166,     0.2811,    10.1498,    29.8500,     0.0448,    -0.0109,    -0.0159,    -0.0405,     0.0000,     0.0000,     0.0000,     0.0000,     0.4321,     0.3182,     0.5570,     0.0206, 
[  7200,  0.0000361]     1.0795,     0.0728,     0.6199,     0.8067,     6.1061,    21.5903,     0.5113,     0.2967,    10.4620,    29.8500,     0.0453,    -0.0108,    -0.0162,    -0.0409,     0.0000,     0.0000,    -0.0000,     0.0000,     0.3435,     0.2448,     0.4606,     0.0206, 
[  7300,  0.0000357]     1.1727,     0.0507,     0.6889,     0.8009,     5.9301,    18.2740,     0.5182,     0.2994,    10.6228,    29.8600,     0.0460,    -0.0108,    -0.0169,    -0.0414,     0.0000,     0.0000,    -0.0000,     0.0000,     0.5000,     0.3817,     0.6272,     0.0206, 
[  7400,  0.0000354]     0.9938,     0.0538,     0.6878,     0.7806,     6.2512,    18.2345,     0.5077,     0.3013,    10.6891,    29.8300,     0.0470,    -0.0111,    -0.0169,    -0.0424,     0.0000,    -0.0000,     0.0000,     0.0000,     0.6325,     0.5330,     0.7427,     0.0206, 
[  7500,  0.0000350]     0.9394,     0.0506,     0.6747,     0.8242,     5.8759,    17.1376,     0.5210,     0.2922,    10.3683,    29.8500,     0.0475,    -0.0112,    -0.0168,    -0.0430,     0.0000,     0.0000,    -0.0000,    -0.0000,     0.5870,     0.4686,     0.7128,     0.0206, 
[  7600,  0.0000347]     1.1670,     0.0698,     0.6288,     0.7704,     6.3398,    20.3013,     0.5102,     0.2850,    10.1883,    29.8100,     0.0477,    -0.0116,    -0.0166,    -0.0432,     0.0000,     0.0000,    -0.0000,     0.0000,     0.5547,     0.4414,     0.6776,     0.0207, 
[  7700,  0.0000343]     1.0088,     0.0705,     0.6907,     0.7961,     5.9557,    21.1982,     0.5218,     0.2906,    10.2165,    29.8400,     0.0482,    -0.0116,    -0.0170,    -0.0435,     0.0000,     0.0000,    -0.0000,     0.0000,     0.5580,     0.4453,     0.6801,     0.0207, 
[  7800,  0.0000339]     1.2216,     0.0592,     0.6375,     0.7980,     6.3091,    20.0828,     0.5099,     0.3023,    10.7592,    29.8300,     0.0491,    -0.0119,    -0.0174,    -0.0443,     0.0000,     0.0000,    -0.0000,    -0.0000,     0.6016,     0.4995,     0.7112,     0.0207, 
[  7900,  0.0000335]     0.9538,     0.0479,     0.6995,     0.8101,     6.8590,    18.5028,     0.4989,     0.2959,    10.5473,    29.8600,     0.0495,    -0.0121,    -0.0171,    -0.0449,     0.0000,     0.0000,    -0.0000,    -0.0000,     0.6535,     0.5564,     0.7600,     0.0207, 
[  8000,  0.0000332]     0.8935,     0.0603,     0.6285,     0.7639,     6.8749,    18.4872,     0.5111,     0.2798,    10.0922,    29.8500,     0.0499,    -0.0120,    -0.0172,    -0.0453,     0.0000,     0.0000,     0.0000,    -0.0000,     0.5241,     0.4139,     0.6425,     0.0207, 
[CKPT] saved checkpoints/full_imu_tartan_v2_long_20k_008000.pth
[  8100,  0.0000328]     1.0153,     0.0684,     0.6700,     0.7956,     6.4176,    21.7163,     0.5035,     0.2958,    10.4610,    29.9000,     0.0504,    -0.0119,    -0.0172,    -0.0458,     0.0000,     0.0000,    -0.0000,     0.0000,     0.5473,     0.4469,     0.6563,     0.0207, 
[  8200,  0.0000324]     1.1552,     0.0616,     0.6704,     0.7803,     6.5643,    21.3673,     0.5034,     0.2871,    10.2143,    29.8300,     0.0512,    -0.0119,    -0.0178,    -0.0465,     0.0000,     0.0000,    -0.0000,     0.0000,     0.6650,     0.5709,     0.7639,     0.0207, 
[  8300,  0.0000320]     0.7471,     0.0447,     0.6780,     0.7899,     5.5211,    16.3735,     0.5231,     0.3111,    10.9565,    29.9000,     0.0518,    -0.0119,    -0.0178,    -0.0472,     0.0000,     0.0000,     0.0000,     0.0000,     0.7072,     0.6282,     0.7877,     0.0207, 
[  8400,  0.0000317]     0.9581,     0.0476,     0.6736,     0.8274,     6.4404,    19.2530,     0.5100,     0.2898,    10.3369,    29.8700,     0.0520,    -0.0119,    -0.0175,    -0.0476,     0.0000,     0.0000,    -0.0000,    -0.0000,     0.6735,     0.5674,     0.7779,     0.0207, 
[  8500,  0.0000313]     0.9690,     0.0641,     0.6795,     0.8155,     6.5706,    20.3378,     0.5247,     0.2803,    10.1025,    29.8100,     0.0524,    -0.0118,    -0.0172,    -0.0481,     0.0000,     0.0000,     0.0000,     0.0000,     0.6486,     0.5525,     0.7466,     0.0207, 
[  8600,  0.0000309]     0.9472,     0.0659,     0.6367,     0.7820,     6.0469,    18.7070,     0.5152,     0.2971,    10.5390,    29.8800,     0.0528,    -0.0117,    -0.0177,    -0.0484,     0.0000,     0.0000,    -0.0000,     0.0000,     0.6416,     0.5304,     0.7531,     0.0207, 
[  8700,  0.0000305]     1.4700,     0.0734,     0.6480,     0.7814,     6.8482,    22.9092,     0.4990,     0.3016,    10.7757,    29.8400,     0.0533,    -0.0121,    -0.0181,    -0.0487,     0.0000,     0.0000,    -0.0000,     0.0000,     0.6836,     0.5961,     0.7737,     0.0208, 
[  8800,  0.0000301]     1.3322,     0.0536,     0.6854,     0.7941,     5.9817,    19.6929,     0.4997,     0.2954,    10.4950,    29.8000,     0.0538,    -0.0121,    -0.0177,    -0.0493,     0.0000,     0.0000,     0.0000,     0.0000,     0.7092,     0.6236,     0.7962,     0.0208, 
[  8900,  0.0000297]     1.0421,     0.0521,     0.6407,     0.7972,     6.1190,    16.8878,     0.5261,     0.2831,    10.0681,    29.7900,     0.0543,    -0.0121,    -0.0179,    -0.0498,     0.0000,    -0.0000,    -0.0000,    -0.0000,     0.6134,     0.5034,     0.7257,     0.0208, 
[  9000,  0.0000293]     0.8797,     0.0552,     0.6736,     0.8163,     6.2446,    18.1777,     0.5255,     0.2912,    10.3144,    29.8500,     0.0544,    -0.0120,    -0.0178,    -0.0499,     0.0000,     0.0000,    -0.0000,     0.0000,     0.5128,     0.4187,     0.6118,     0.0208, 
[CKPT] saved checkpoints/full_imu_tartan_v2_long_20k_009000.pth
[  9100,  0.0000289]     1.2763,     0.0766,     0.6604,     0.7756,     6.3881,    23.1974,     0.5038,     0.2861,    10.1759,    29.8100,     0.0546,    -0.0119,    -0.0185,    -0.0499,     0.0000,     0.0000,    -0.0000,     0.0000,     0.6093,     0.5070,     0.7179,     0.0208, 
[  9200,  0.0000286]     0.9387,     0.0478,     0.6802,     0.7978,     6.1057,    17.5143,     0.5086,     0.3092,    10.9569,    29.8900,     0.0556,    -0.0122,    -0.0189,    -0.0508,     0.0000,     0.0000,     0.0000,     0.0000,     0.6476,     0.5570,     0.7431,     0.0208, 
[  9300,  0.0000282]     1.0589,     0.0540,     0.6395,     0.7873,     6.8191,    20.4914,     0.5019,     0.2909,    10.3258,    29.8200,     0.0562,    -0.0122,    -0.0187,    -0.0515,     0.0000,     0.0000,    -0.0000,     0.0000,     0.6521,     0.5533,     0.7528,     0.0208, 
[  9400,  0.0000278]     1.3895,     0.0699,     0.6459,     0.7933,     6.7884,    19.8213,     0.5077,     0.2884,    10.3018,    29.7700,     0.0564,    -0.0123,    -0.0185,    -0.0519,     0.0000,     0.0000,    -0.0000,    -0.0000,     0.5480,     0.4533,     0.6525,     0.0208, 
[  9500,  0.0000274]     0.9388,     0.0710,     0.7151,     0.8236,     5.9554,    20.8660,     0.5347,     0.2926,    10.3935,    29.8800,     0.0570,    -0.0124,    -0.0186,    -0.0524,     0.0000,     0.0000,    -0.0000,     0.0000,     0.5290,     0.4255,     0.6377,     0.0208, 
[  9600,  0.0000270]     1.1305,     0.0588,     0.6822,     0.8105,     6.5370,    20.0364,     0.5108,     0.3031,    10.7381,    29.8200,     0.0577,    -0.0125,    -0.0191,    -0.0530,     0.0000,     0.0000,    -0.0000,    -0.0000,     0.5923,     0.4953,     0.6959,     0.0208, 
[  9700,  0.0000266]     1.1126,     0.0612,     0.6855,     0.7861,     6.3512,    19.3446,     0.4947,     0.2964,    10.5881,    29.8700,     0.0581,    -0.0126,    -0.0189,    -0.0534,     0.0000,    -0.0000,     0.0000,    -0.0000,     0.6454,     0.5588,     0.7362,     0.0208, 
[  9800,  0.0000262]     0.9951,     0.0473,     0.6686,     0.8007,     6.3455,    16.3823,     0.5235,     0.2806,    10.1347,    29.8000,     0.0584,    -0.0126,    -0.0189,    -0.0538,     0.0000,     0.0000,    -0.0000,     0.0000,     0.5962,     0.4947,     0.7039,     0.0208, 
[  9900,  0.0000258]     1.0615,     0.0706,     0.6450,     0.7916,     6.9590,    21.1775,     0.4970,     0.2906,    10.3115,    29.8400,     0.0586,    -0.0125,    -0.0190,    -0.0540,     0.0000,     0.0000,     0.0000,     0.0000,     0.5654,     0.4624,     0.6752,     0.0208, 
[ 10000,  0.0000254]     1.1342,     0.0720,     0.7004,     0.8162,     5.9199,    21.8550,     0.5347,     0.2896,    10.1475,    29.8200,     0.0592,    -0.0124,    -0.0196,    -0.0545,     0.0000,     0.0000,    -0.0000,    -0.0000,     0.5608,     0.4591,     0.6724,     0.0208, 
[CKPT] saved checkpoints/full_imu_tartan_v2_long_20k_010000.pth
[ 10100,  0.0000250]     0.9753,     0.0530,     0.6503,     0.7994,     6.4530,    19.4130,     0.4983,     0.3087,    10.9629,    29.7900,     0.0596,    -0.0125,    -0.0198,    -0.0549,     0.0000,     0.0000,     0.0000,     0.0000,     0.6304,     0.5407,     0.7278,     0.0208, 
[ 10200,  0.0000246]     1.1511,     0.0587,     0.6749,     0.8048,     6.6579,    20.9251,     0.4998,     0.2914,    10.3268,    29.7900,     0.0601,    -0.0125,    -0.0195,    -0.0554,     0.0000,     0.0000,    -0.0000,     0.0000,     0.7016,     0.6156,     0.7948,     0.0208, 
[ 10300,  0.0000242]     0.9829,     0.0671,     0.6639,     0.7533,     6.5044,    19.5380,     0.5116,     0.2827,    10.1083,    29.8200,     0.0603,    -0.0127,    -0.0194,    -0.0557,     0.0000,    -0.0000,    -0.0000,    -0.0000,     0.6127,     0.5204,     0.7138,     0.0208, 
[ 10400,  0.0000238]     0.9936,     0.0704,     0.6582,     0.7970,     6.4070,    21.3035,     0.5081,     0.2928,    10.4238,    29.9100,     0.0604,    -0.0126,    -0.0196,    -0.0557,     0.0000,     0.0000,    -0.0000,    -0.0000,     0.5778,     0.4775,     0.6812,     0.0208, 
[ 10500,  0.0000234]     1.2716,     0.0601,     0.6699,     0.7994,     6.0179,    19.3744,     0.5134,     0.2927,    10.3290,    29.7800,     0.0608,    -0.0126,    -0.0200,    -0.0560,     0.0000,     0.0000,    -0.0000,     0.0000,     0.6299,     0.5283,     0.7395,     0.0209, 
[ 10600,  0.0000230]     0.7642,     0.0473,     0.7064,     0.7800,     6.1632,    17.5128,     0.5103,     0.3063,    10.8275,    29.9000,     0.0613,    -0.0123,    -0.0201,    -0.0566,     0.0000,    -0.0000,     0.0000,     0.0000,     0.6862,     0.6052,     0.7765,     0.0209, 
[ 10700,  0.0000226]     1.0857,     0.0495,     0.6719,     0.8115,     5.7237,    17.3118,     0.5195,     0.2865,    10.2553,    29.7800,     0.0616,    -0.0123,    -0.0200,    -0.0569,     0.0000,     0.0000,    -0.0000,     0.0000,     0.6527,     0.5528,     0.7582,     0.0209, 
[ 10800,  0.0000222]     1.4331,     0.0783,     0.6405,     0.7785,     6.8536,    20.8036,     0.5049,     0.2874,    10.2391,    29.7800,     0.0618,    -0.0124,    -0.0200,    -0.0571,     0.0000,     0.0000,     0.0000,     0.0000,     0.5781,     0.4773,     0.6843,     0.0209, 
[ 10900,  0.0000218]     1.3123,     0.0786,     0.6742,     0.7923,     6.0042,    21.8039,     0.5132,     0.2983,    10.5503,    29.8000,     0.0620,    -0.0123,    -0.0202,    -0.0573,     0.0000,     0.0000,    -0.0000,     0.0000,     0.5782,     0.4699,     0.6947,     0.0209, 
[ 11000,  0.0000214]     1.2358,     0.0684,     0.6438,     0.7946,     6.5646,    21.4471,     0.5055,     0.3006,    10.6465,    29.8500,     0.0624,    -0.0124,    -0.0205,    -0.0576,     0.0000,     0.0000,     0.0000,     0.0000,     0.5842,     0.4889,     0.6842,     0.0209, 
[CKPT] saved checkpoints/full_imu_tartan_v2_long_20k_011000.pth
[ 11100,  0.0000210]     1.1098,     0.0589,     0.6984,     0.7861,     5.9919,    19.2391,     0.5031,     0.2972,    10.6312,    29.8700,     0.0625,    -0.0123,    -0.0202,    -0.0579,     0.0000,     0.0000,    -0.0000,    -0.0000,     0.6406,     0.5531,     0.7378,     0.0209, 
[ 11200,  0.0000207]     1.1384,     0.0569,     0.6475,     0.7995,     6.3420,    18.1429,     0.5146,     0.2839,    10.1217,    29.8200,     0.0629,    -0.0123,    -0.0203,    -0.0583,     0.0000,     0.0000,     0.0000,    -0.0000,     0.5665,     0.4580,     0.6832,     0.0209, 
[ 11300,  0.0000203]     0.8501,     0.0545,     0.6755,     0.8136,     6.2683,    18.8716,     0.5222,     0.2933,    10.3252,    29.8000,     0.0631,    -0.0124,    -0.0204,    -0.0584,     0.0000,     0.0000,    -0.0000,    -0.0000,     0.5788,     0.4810,     0.6832,     0.0209, 
[ 11400,  0.0000199]     1.3279,     0.0757,     0.6665,     0.7810,     6.2434,    22.7073,     0.5150,     0.2852,    10.2341,    29.7900,     0.0635,    -0.0125,    -0.0207,    -0.0587,     0.0000,     0.0000,    -0.0000,     0.0000,     0.6078,     0.5070,     0.7180,     0.0209, 
[ 11500,  0.0000195]     0.8957,     0.0568,     0.6926,     0.8022,     5.7808,    18.9000,     0.5132,     0.3130,    11.0191,    29.9500,     0.0640,    -0.0127,    -0.0207,    -0.0592,     0.0000,     0.0000,     0.0000,    -0.0000,     0.6426,     0.5557,     0.7350,     0.0209, 
[ 11600,  0.0000191]     1.1232,     0.0523,     0.6776,     0.8279,     6.7609,    19.7939,     0.5124,     0.2900,    10.3815,    29.8200,     0.0639,    -0.0127,    -0.0207,    -0.0592,     0.0000,     0.0000,    -0.0000,    -0.0000,     0.6317,     0.5264,     0.7416,     0.0209, 
[ 11700,  0.0000187]     1.1137,     0.0662,     0.6585,     0.8072,     6.3454,    20.0480,     0.5210,     0.2810,    10.1104,    29.7900,     0.0642,    -0.0128,    -0.0207,    -0.0594,     0.0000,     0.0000,    -0.0000,     0.0000,     0.5987,     0.4994,     0.7069,     0.0209, 
[ 11800,  0.0000183]     0.8286,     0.0656,     0.6770,     0.7900,     5.8998,    20.0419,     0.5230,     0.2965,    10.4420,    29.8400,     0.0644,    -0.0129,    -0.0209,    -0.0595,     0.0000,     0.0000,    -0.0000,     0.0000,     0.5782,     0.4703,     0.6924,     0.0209, 
[ 11900,  0.0000180]     1.3862,     0.0668,     0.6507,     0.7798,     6.7327,    23.4418,     0.4949,     0.3028,    10.7678,    29.8000,     0.0645,    -0.0130,    -0.0213,    -0.0595,     0.0000,     0.0000,     0.0000,     0.0000,     0.6165,     0.5213,     0.7208,     0.0209, 
[ 12000,  0.0000176]     1.2436,     0.0647,     0.6744,     0.7366,     6.2970,    20.3666,     0.4948,     0.2966,    10.6513,    29.8800,     0.0646,    -0.0131,    -0.0212,    -0.0596,     0.0000,     0.0000,     0.0000,     0.0000,     0.6592,     0.5673,     0.7482,     0.0209, 
[CKPT] saved checkpoints/full_imu_tartan_v2_long_20k_012000.pth
[ 12100,  0.0000172]     0.7583,     0.0424,     0.6596,     0.8012,     6.1039,    15.4197,     0.5308,     0.2776,     9.9440,    29.8000,     0.0648,    -0.0132,    -0.0213,    -0.0597,     0.0000,     0.0000,    -0.0000,     0.0000,     0.5795,     0.4737,     0.6914,     0.0209, 
[ 12200,  0.0000168]     1.1554,     0.0671,     0.6456,     0.7904,     6.7682,    20.1177,     0.5036,     0.2932,    10.4666,    29.9400,     0.0649,    -0.0132,    -0.0214,    -0.0598,     0.0000,     0.0000,    -0.0000,     0.0000,     0.5760,     0.4745,     0.6826,     0.0210, 
[ 12300,  0.0000164]     1.2925,     0.0766,     0.6653,     0.7924,     6.8311,    21.7530,     0.5075,     0.2862,    10.1818,    29.8700,     0.0651,    -0.0132,    -0.0217,    -0.0599,     0.0000,     0.0000,     0.0000,     0.0000,     0.5897,     0.4849,     0.7027,     0.0210, 
[ 12400,  0.0000161]     0.9471,     0.0455,     0.6830,     0.8154,     6.3256,    18.8720,     0.5126,     0.3105,    11.0167,    29.8600,     0.0655,    -0.0134,    -0.0219,    -0.0602,     0.0000,     0.0000,     0.0000,     0.0000,     0.6312,     0.5346,     0.7362,     0.0210, 
[ 12500,  0.0000157]     0.9750,     0.0462,     0.6859,     0.8347,     6.0132,    17.9021,     0.5227,     0.2905,    10.2715,    29.8900,     0.0656,    -0.0134,    -0.0219,    -0.0604,     0.0000,     0.0000,    -0.0000,     0.0000,     0.6491,     0.5500,     0.7518,     0.0210, 
[ 12600,  0.0000153]     0.9541,     0.0605,     0.6841,     0.8251,     6.1190,    20.3255,     0.5341,     0.2857,    10.2242,    29.8400,     0.0658,    -0.0133,    -0.0220,    -0.0605,     0.0000,     0.0000,     0.0000,     0.0000,     0.5743,     0.4754,     0.6854,     0.0210, 
[ 12700,  0.0000150]     1.0777,     0.0750,     0.6430,     0.7579,     6.8164,    21.8296,     0.5077,     0.2953,    10.4451,    29.8900,     0.0659,    -0.0132,    -0.0220,    -0.0607,     0.0000,     0.0000,    -0.0000,     0.0000,     0.5221,     0.4149,     0.6354,     0.0210, 
[ 12800,  0.0000146]     1.1362,     0.0546,     0.6631,     0.8028,     6.7138,    19.7213,     0.5108,     0.2967,    10.5321,    29.8300,     0.0661,    -0.0132,    -0.0222,    -0.0608,     0.0000,     0.0000,     0.0000,     0.0000,     0.5326,     0.4342,     0.6400,     0.0210, 
[ 12900,  0.0000143]     0.8732,     0.0515,     0.6881,     0.7931,     6.1884,    19.1439,     0.5084,     0.2994,    10.7243,    29.8900,     0.0664,    -0.0132,    -0.0223,    -0.0612,     0.0000,     0.0000,     0.0000,     0.0000,     0.5918,     0.4993,     0.6925,     0.0210, 
[ 13000,  0.0000139]     0.8347,     0.0421,     0.6560,     0.7928,     6.4734,    18.1680,     0.5174,     0.2871,    10.2624,    29.8700,     0.0666,    -0.0132,    -0.0224,    -0.0614,     0.0000,     0.0000,    -0.0000,     0.0000,     0.5735,     0.4658,     0.6848,     0.0210, 
[CKPT] saved checkpoints/full_imu_tartan_v2_long_20k_013000.pth
[ 13100,  0.0000135]     1.3647,     0.0807,     0.6234,     0.7632,     6.8381,    22.3439,     0.4977,     0.2875,    10.3190,    29.7700,     0.0668,    -0.0132,    -0.0224,    -0.0616,     0.0000,     0.0000,     0.0000,     0.0000,     0.5636,     0.4612,     0.6800,     0.0210, 
[ 13200,  0.0000132]     1.0912,     0.0684,     0.7028,     0.8015,     5.9596,    21.9613,     0.5371,     0.2885,    10.1863,    29.8600,     0.0671,    -0.0132,    -0.0226,    -0.0618,     0.0000,     0.0000,    -0.0000,     0.0000,     0.5567,     0.4467,     0.6784,     0.0210, 
[ 13300,  0.0000128]     1.1441,     0.0590,     0.6565,     0.7837,     6.3852,    19.6295,     0.5055,     0.3066,    10.8917,    29.9000,     0.0673,    -0.0132,    -0.0226,    -0.0620,     0.0000,     0.0000,     0.0000,     0.0000,     0.5704,     0.4726,     0.6776,     0.0210, 
[ 13400,  0.0000125]     1.0191,     0.0509,     0.6855,     0.8099,     6.2981,    19.1836,     0.5018,     0.2982,    10.6020,    29.8700,     0.0672,    -0.0131,    -0.0224,    -0.0620,     0.0000,     0.0000,    -0.0000,    -0.0000,     0.6161,     0.5202,     0.7177,     0.0210, 
[ 13500,  0.0000122]     1.0483,     0.0692,     0.6248,     0.7726,     6.4032,    20.3652,     0.5194,     0.2821,    10.1396,    29.8200,     0.0673,    -0.0131,    -0.0224,    -0.0621,     0.0000,     0.0000,     0.0000,    -0.0000,     0.5787,     0.4771,     0.6868,     0.0210, 
[ 13600,  0.0000118]     0.7035,     0.0509,     0.6686,     0.8221,     6.1125,    19.2329,     0.5078,     0.2907,    10.2862,    29.9300,     0.0674,    -0.0131,    -0.0225,    -0.0622,     0.0000,     0.0000,    -0.0000,    -0.0000,     0.6267,     0.5273,     0.7277,     0.0210, 
[ 13700,  0.0000115]     1.2875,     0.0617,     0.6588,     0.7948,     6.6505,    20.3846,     0.5026,     0.2914,    10.3723,    29.7800,     0.0677,    -0.0131,    -0.0227,    -0.0624,     0.0000,     0.0000,    -0.0000,     0.0000,     0.6288,     0.5314,     0.7353,     0.0210, 
[ 13800,  0.0000111]     0.7813,     0.0392,     0.6821,     0.8094,     5.9777,    16.1945,     0.5176,     0.3055,    10.7999,    29.9100,     0.0679,    -0.0131,    -0.0227,    -0.0626,     0.0000,     0.0000,     0.0000,     0.0000,     0.6640,     0.5825,     0.7527,     0.0210, 
[ 13900,  0.0000108]     1.2920,     0.0573,     0.6828,     0.8104,     6.0732,    19.9015,     0.5176,     0.2897,    10.3884,    29.8400,     0.0680,    -0.0131,    -0.0227,    -0.0628,     0.0000,     0.0000,    -0.0000,     0.0000,     0.6420,     0.5378,     0.7529,     0.0210, 
[ 14000,  0.0000105]     1.0565,     0.0671,     0.6126,     0.7557,     6.9971,    20.2692,     0.4998,     0.2812,    10.0349,    29.7700,     0.0682,    -0.0132,    -0.0227,    -0.0629,     0.0000,     0.0000,     0.0000,    -0.0000,     0.6018,     0.5054,     0.7018,     0.0210, 
[CKPT] saved checkpoints/full_imu_tartan_v2_long_20k_014000.pth
[ 14100,  0.0000102]     0.8763,     0.0619,     0.6677,     0.7984,     5.9245,    19.0669,     0.5227,     0.2937,    10.3975,    29.8500,     0.0683,    -0.0131,    -0.0229,    -0.0630,     0.0000,     0.0000,    -0.0000,     0.0000,     0.6084,     0.5006,     0.7210,     0.0210, 
[ 14200,  0.0000099]     1.3682,     0.0709,     0.6522,     0.7859,     6.6175,    23.0798,     0.4950,     0.3030,    10.7576,    29.8500,     0.0685,    -0.0131,    -0.0231,    -0.0631,     0.0000,     0.0000,    -0.0000,     0.0000,     0.6204,     0.5298,     0.7185,     0.0210, 
[ 14300,  0.0000095]     1.0766,     0.0574,     0.6799,     0.7892,     6.0494,    19.4803,     0.4978,     0.2957,    10.5478,    29.8700,     0.0687,    -0.0130,    -0.0231,    -0.0633,     0.0000,     0.0000,     0.0000,     0.0000,     0.6631,     0.5731,     0.7535,     0.0210, 
[ 14400,  0.0000092]     0.8259,     0.0513,     0.6400,     0.7838,     6.3456,    17.4484,     0.5160,     0.2809,    10.0631,    29.7800,     0.0687,    -0.0130,    -0.0231,    -0.0634,     0.0000,    -0.0000,    -0.0000,     0.0000,     0.6069,     0.5062,     0.7148,     0.0210, 
[ 14500,  0.0000089]     0.8177,     0.0506,     0.6987,     0.8271,     6.0553,    18.2234,     0.5309,     0.2973,    10.5696,    29.8900,     0.0687,    -0.0130,    -0.0232,    -0.0634,     0.0000,     0.0000,    -0.0000,     0.0000,     0.5972,     0.5023,     0.6921,     0.0210, 
[ 14600,  0.0000086]     1.2311,     0.0675,     0.6833,     0.8345,     6.3051,    22.1500,     0.5204,     0.2801,    10.0092,    29.8300,     0.0689,    -0.0130,    -0.0234,    -0.0635,     0.0000,     0.0000,    -0.0000,    -0.0000,     0.5795,     0.4784,     0.6914,     0.0210, 
[ 14700,  0.0000083]     0.8184,     0.0505,     0.6597,     0.8135,     6.4501,    18.2385,     0.5079,     0.3159,    11.1333,    29.9200,     0.0692,    -0.0131,    -0.0236,    -0.0637,     0.0000,     0.0000,    -0.0000,     0.0000,     0.6028,     0.5099,     0.7018,     0.0210, 
[ 14800,  0.0000080]     1.0830,     0.0512,     0.6886,     0.8175,     6.4207,    18.6817,     0.5225,     0.2899,    10.2976,    29.8800,     0.0694,    -0.0131,    -0.0237,    -0.0639,     0.0000,     0.0000,    -0.0000,    -0.0000,     0.6126,     0.5150,     0.7161,     0.0210, 
[ 14900,  0.0000077]     1.0311,     0.0663,     0.6532,     0.7996,     6.0877,    19.7736,     0.5249,     0.2795,    10.0317,    29.7000,     0.0694,    -0.0131,    -0.0237,    -0.0639,     0.0000,     0.0000,     0.0000,     0.0000,     0.5822,     0.4881,     0.6873,     0.0210, 
[ 15000,  0.0000075]     0.8734,     0.0732,     0.6486,     0.7813,     6.5635,    20.6866,     0.5086,     0.2914,    10.3462,    29.9300,     0.0694,    -0.0131,    -0.0238,    -0.0639,     0.0000,     0.0000,    -0.0000,     0.0000,     0.5838,     0.4693,     0.6956,     0.0210, 
[CKPT] saved checkpoints/full_imu_tartan_v2_long_20k_015000.pth
[ 15100,  0.0000072]     0.9801,     0.0546,     0.6795,     0.8024,     6.2159,    20.4656,     0.5038,     0.3041,    10.8077,    29.7800,     0.0695,    -0.0131,    -0.0239,    -0.0640,     0.0000,     0.0000,    -0.0000,    -0.0000,     0.6020,     0.5089,     0.7060,     0.0210, 
[ 15200,  0.0000069]     1.0671,     0.0605,     0.6670,     0.7781,     5.9499,    18.8605,     0.5022,     0.2958,    10.5825,    29.8900,     0.0696,    -0.0132,    -0.0238,    -0.0640,     0.0000,    -0.0000,     0.0000,     0.0000,     0.6404,     0.5535,     0.7325,     0.0210, 
[ 15300,  0.0000066]     0.8758,     0.0466,     0.6906,     0.8363,     6.2883,    17.8605,     0.5361,     0.2847,    10.1824,    29.8700,     0.0697,    -0.0132,    -0.0239,    -0.0641,     0.0000,     0.0000,    -0.0000,     0.0000,     0.5835,     0.4818,     0.6939,     0.0210, 
[ 15400,  0.0000064]     1.0500,     0.0728,     0.6177,     0.7811,     6.9058,    20.8289,     0.5008,     0.2864,    10.2798,    29.9300,     0.0697,    -0.0132,    -0.0238,    -0.0642,     0.0000,     0.0000,     0.0000,     0.0000,     0.5997,     0.4997,     0.7002,     0.0210, 
[ 15500,  0.0000061]     1.2204,     0.0743,     0.6826,     0.7899,     6.1517,    21.2806,     0.5170,     0.2883,    10.1898,    29.8500,     0.0699,    -0.0132,    -0.0239,    -0.0643,     0.0000,     0.0000,    -0.0000,     0.0000,     0.5876,     0.4844,     0.7000,     0.0210, 
[ 15600,  0.0000058]     1.1357,     0.0549,     0.6801,     0.7816,     6.3938,    19.8339,     0.5020,     0.3116,    11.0579,    29.8300,     0.0700,    -0.0132,    -0.0240,    -0.0644,     0.0000,     0.0000,     0.0000,     0.0000,     0.5894,     0.4904,     0.6919,     0.0210, 
[ 15700,  0.0000056]     0.9500,     0.0438,     0.6639,     0.8334,     6.4523,    19.4926,     0.5071,     0.2885,    10.3255,    29.8600,     0.0701,    -0.0132,    -0.0240,    -0.0645,     0.0000,     0.0000,    -0.0000,     0.0000,     0.6411,     0.5456,     0.7335,     0.0210, 
[ 15800,  0.0000053]     0.8782,     0.0570,     0.6769,     0.7928,     6.5682,    19.0192,     0.5207,     0.2789,    10.0525,    29.8500,     0.0700,    -0.0132,    -0.0240,    -0.0645,     0.0000,     0.0000,     0.0000,     0.0000,     0.5852,     0.4874,     0.6951,     0.0210, 
[ 15900,  0.0000051]     1.0099,     0.0660,     0.6788,     0.8195,     6.0151,    20.8970,     0.5257,     0.2962,    10.4610,    29.8700,     0.0701,    -0.0132,    -0.0240,    -0.0645,     0.0000,     0.0000,     0.0000,     0.0000,     0.5909,     0.4872,     0.6974,     0.0210, 
[ 16000,  0.0000049]     1.1192,     0.0568,     0.6713,     0.8220,     6.1673,    19.4333,     0.5154,     0.2960,    10.4653,    29.8600,     0.0702,    -0.0132,    -0.0241,    -0.0646,     0.0000,     0.0000,    -0.0000,     0.0000,     0.5766,     0.4732,     0.6846,     0.0210, 
[CKPT] saved checkpoints/full_imu_tartan_v2_long_20k_016000.pth
[ 16100,  0.0000046]     0.7857,     0.0482,     0.6963,     0.8122,     6.0284,    17.0022,     0.5160,     0.3041,    10.7325,    29.8600,     0.0703,    -0.0132,    -0.0241,    -0.0647,     0.0000,    -0.0000,     0.0000,     0.0000,     0.6159,     0.5287,     0.7117,     0.0211, 
[ 16200,  0.0000044]     1.1184,     0.0518,     0.6456,     0.8151,     6.3088,    18.5178,     0.5046,     0.2896,    10.3603,    29.8800,     0.0703,    -0.0132,    -0.0241,    -0.0647,     0.0000,    -0.0000,    -0.0000,     0.0000,     0.6001,     0.4922,     0.7092,     0.0211, 
[ 16300,  0.0000042]     1.0098,     0.0657,     0.6577,     0.7951,     6.3655,    20.1700,     0.5167,     0.2825,    10.0871,    29.8600,     0.0704,    -0.0133,    -0.0240,    -0.0648,     0.0000,     0.0000,    -0.0000,     0.0000,     0.5873,     0.4870,     0.6939,     0.0211, 
[ 16400,  0.0000040]     1.1472,     0.0736,     0.6686,     0.7967,     6.2575,    21.2102,     0.5183,     0.2932,    10.3945,    29.8300,     0.0705,    -0.0133,    -0.0241,    -0.0649,     0.0000,     0.0000,    -0.0000,     0.0000,     0.6115,     0.5055,     0.7254,     0.0211, 
[ 16500,  0.0000038]     1.1151,     0.0590,     0.6662,     0.7861,     6.3019,    20.2117,     0.5108,     0.3030,    10.7386,    29.7700,     0.0705,    -0.0134,    -0.0241,    -0.0649,     0.0000,     0.0000,     0.0000,     0.0000,     0.6105,     0.5202,     0.7070,     0.0211, 
[ 16600,  0.0000035]     1.1901,     0.0529,     0.6817,     0.7810,     6.1080,    19.0850,     0.5029,     0.2976,    10.6103,    29.7600,     0.0706,    -0.0133,    -0.0241,    -0.0650,     0.0000,     0.0000,    -0.0000,     0.0000,     0.6473,     0.5544,     0.7411,     0.0211, 
[ 16700,  0.0000033]     1.3331,     0.0709,     0.6173,     0.7631,     6.4096,    20.0829,     0.5104,     0.2833,    10.1614,    29.8000,     0.0706,    -0.0134,    -0.0241,    -0.0650,     0.0000,    -0.0000,    -0.0000,    -0.0000,     0.6136,     0.5087,     0.7217,     0.0211, 
[ 16800,  0.0000032]     0.7889,     0.0584,     0.6616,     0.8073,     5.9966,    19.8727,     0.5162,     0.2960,    10.4455,    29.9100,     0.0707,    -0.0134,    -0.0241,    -0.0651,     0.0000,     0.0000,    -0.0000,     0.0000,     0.6312,     0.5288,     0.7335,     0.0211, 
[ 16900,  0.0000030]     1.4644,     0.0709,     0.6848,     0.8086,     6.4033,    22.2220,     0.5156,     0.2869,    10.2262,    29.7700,     0.0707,    -0.0134,    -0.0242,    -0.0651,     0.0000,    -0.0000,     0.0000,     0.0000,     0.6052,     0.5052,     0.7104,     0.0211, 
[ 17000,  0.0000028]     0.6382,     0.0430,     0.6923,     0.8047,     5.5963,    15.9735,     0.5223,     0.3112,    10.9541,    29.9400,     0.0707,    -0.0134,    -0.0242,    -0.0651,     0.0000,     0.0000,     0.0000,     0.0000,     0.6255,     0.5379,     0.7161,     0.0211, 
[CKPT] saved checkpoints/full_imu_tartan_v2_long_20k_017000.pth
[ 17100,  0.0000026]     0.8505,     0.0433,     0.6652,     0.8253,     6.2391,    17.5018,     0.5188,     0.2894,    10.2650,    29.8500,     0.0708,    -0.0134,    -0.0242,    -0.0651,     0.0000,    -0.0000,    -0.0000,     0.0000,     0.6176,     0.5144,     0.7233,     0.0211, 
[ 17200,  0.0000024]     0.9299,     0.0518,     0.6664,     0.8141,     6.4213,    18.3154,     0.5272,     0.2809,    10.0617,    29.7700,     0.0708,    -0.0135,    -0.0242,    -0.0652,     0.0000,    -0.0000,    -0.0000,     0.0000,     0.5871,     0.4909,     0.6907,     0.0211, 
[ 17300,  0.0000023]     0.9530,     0.0655,     0.6692,     0.7826,     6.1987,    20.0143,     0.5120,     0.2956,    10.4197,    29.8600,     0.0708,    -0.0135,    -0.0242,    -0.0652,     0.0000,     0.0000,    -0.0000,     0.0000,     0.6091,     0.4959,     0.7262,     0.0211, 
[ 17400,  0.0000021]     0.9492,     0.0546,     0.6488,     0.8241,     6.3357,    21.7028,     0.5020,     0.3003,    10.6486,    29.8800,     0.0709,    -0.0135,    -0.0243,    -0.0652,     0.0000,     0.0000,    -0.0000,     0.0000,     0.6022,     0.5074,     0.7073,     0.0211, 
[ 17500,  0.0000019]     0.9013,     0.0526,     0.6838,     0.7904,     6.2630,    18.8918,     0.4916,     0.2956,    10.5668,    29.8700,     0.0709,    -0.0135,    -0.0243,    -0.0653,     0.0000,     0.0000,     0.0000,    -0.0000,     0.6334,     0.5421,     0.7296,     0.0211, 
[ 17600,  0.0000018]     0.9251,     0.0489,     0.6761,     0.8089,     6.1801,    16.5840,     0.5378,     0.2791,    10.0742,    29.8500,     0.0710,    -0.0135,    -0.0243,    -0.0653,     0.0000,     0.0000,    -0.0000,    -0.0000,     0.5873,     0.4831,     0.7018,     0.0211, 
[ 17700,  0.0000016]     0.9807,     0.0642,     0.6437,     0.8108,     6.5835,    20.0514,     0.5080,     0.2905,    10.2913,    29.8900,     0.0710,    -0.0135,    -0.0242,    -0.0653,     0.0000,     0.0000,    -0.0000,     0.0000,     0.6162,     0.5133,     0.7160,     0.0211, 
[ 17800,  0.0000015]     1.1958,     0.0716,     0.6931,     0.8083,     5.9548,    21.1346,     0.5203,     0.2899,    10.2681,    29.8000,     0.0710,    -0.0135,    -0.0243,    -0.0654,     0.0000,     0.0000,    -0.0000,     0.0000,     0.6069,     0.5140,     0.7093,     0.0211, 
[ 17900,  0.0000014]     0.8831,     0.0547,     0.6920,     0.8108,     6.2811,    19.4142,     0.5114,     0.3092,    10.9381,    29.9400,     0.0711,    -0.0135,    -0.0243,    -0.0654,     0.0000,     0.0000,     0.0000,     0.0000,     0.6005,     0.5085,     0.6987,     0.0211, 
[ 18000,  0.0000012]     0.9491,     0.0482,     0.6516,     0.7827,     6.3667,    17.7513,     0.5096,     0.2872,    10.2086,    29.8300,     0.0711,    -0.0135,    -0.0243,    -0.0654,     0.0000,     0.0000,    -0.0000,    -0.0000,     0.6224,     0.5219,     0.7255,     0.0211, 
[CKPT] saved checkpoints/full_imu_tartan_v2_long_20k_018000.pth
[ 18100,  0.0000011]     0.7871,     0.0614,     0.6630,     0.7863,     6.3992,    19.8338,     0.5185,     0.2870,    10.3095,    29.8500,     0.0711,    -0.0135,    -0.0243,    -0.0654,     0.0000,     0.0000,     0.0000,     0.0000,     0.5997,     0.5021,     0.7064,     0.0211, 
[ 18200,  0.0000010]     0.9578,     0.0708,     0.6590,     0.7841,     6.7965,    21.1499,     0.5147,     0.2919,    10.3335,    29.9100,     0.0711,    -0.0135,    -0.0243,    -0.0654,     0.0000,     0.0000,    -0.0000,     0.0000,     0.6158,     0.5104,     0.7215,     0.0211, 
[ 18300,  0.0000009]     1.2436,     0.0523,     0.6961,     0.8328,     6.3557,    18.2250,     0.5099,     0.3001,    10.6466,    29.8600,     0.0711,    -0.0135,    -0.0243,    -0.0654,     0.0000,     0.0000,    -0.0000,    -0.0000,     0.5963,     0.5064,     0.6947,     0.0211, 
[ 18400,  0.0000008]     1.1203,     0.0604,     0.6737,     0.7966,     6.0938,    19.4309,     0.5046,     0.2993,    10.6719,    29.8500,     0.0711,    -0.0134,    -0.0243,    -0.0655,     0.0000,     0.0000,     0.0000,     0.0000,     0.6315,     0.5451,     0.7323,     0.0211, 
[ 18500,  0.0000007]     1.1213,     0.0478,     0.6726,     0.8161,     5.8499,    17.0130,     0.5301,     0.2851,    10.2424,    29.7200,     0.0711,    -0.0134,    -0.0243,    -0.0655,     0.0000,     0.0000,    -0.0000,     0.0000,     0.6093,     0.4994,     0.7231,     0.0211, 
[ 18600,  0.0000006]     1.1010,     0.0773,     0.6530,     0.7919,     6.4571,    22.1748,     0.5034,     0.2922,    10.3492,    29.8500,     0.0711,    -0.0135,    -0.0243,    -0.0655,     0.0000,     0.0000,     0.0000,    -0.0000,     0.6128,     0.5110,     0.7149,     0.0211, 
[ 18700,  0.0000005]     1.0945,     0.0737,     0.6920,     0.7983,     6.0530,    22.0721,     0.5286,     0.2849,    10.1060,    29.7900,     0.0711,    -0.0135,    -0.0243,    -0.0655,     0.0000,     0.0000,    -0.0000,     0.0000,     0.6072,     0.5039,     0.7175,     0.0211, 
[ 18800,  0.0000005]     1.0597,     0.0549,     0.6717,     0.7953,     6.4725,    20.0446,     0.4940,     0.3096,    10.9692,    29.8900,     0.0711,    -0.0135,    -0.0243,    -0.0655,     0.0000,     0.0000,     0.0000,     0.0000,     0.5922,     0.4963,     0.6987,     0.0211, 
[ 18900,  0.0000004]     1.0640,     0.0509,     0.6784,     0.8082,     6.5608,    18.1086,     0.4993,     0.2918,    10.4027,    29.8600,     0.0711,    -0.0135,    -0.0243,    -0.0655,     0.0000,     0.0000,     0.0000,     0.0000,     0.6335,     0.5369,     0.7360,     0.0211, 
[ 19000,  0.0000003]     1.1357,     0.0637,     0.6563,     0.7721,     6.7338,    19.7783,     0.5107,     0.2805,    10.1252,    29.8100,     0.0712,    -0.0135,    -0.0243,    -0.0655,     0.0000,    -0.0000,    -0.0000,    -0.0000,     0.5935,     0.4939,     0.7006,     0.0211, 
[CKPT] saved checkpoints/full_imu_tartan_v2_long_20k_019000.pth
[ 19100,  0.0000003]     0.8163,     0.0585,     0.6750,     0.8158,     6.3021,    18.4914,     0.5184,     0.2965,    10.4997,    29.9300,     0.0712,    -0.0135,    -0.0243,    -0.0655,     0.0000,     0.0000,     0.0000,     0.0000,     0.6059,     0.5051,     0.7045,     0.0211, 
[ 19200,  0.0000002]     1.5554,     0.0731,     0.6347,     0.7943,     6.4001,    21.4018,     0.5029,     0.2905,    10.3815,    29.7400,     0.0712,    -0.0135,    -0.0243,    -0.0655,     0.0000,     0.0000,    -0.0000,     0.0000,     0.5948,     0.4921,     0.7077,     0.0211, 
[ 19300,  0.0000002]     0.8142,     0.0488,     0.6655,     0.7768,     5.9330,    17.0519,     0.5049,     0.3035,    10.7436,    29.7500,     0.0712,    -0.0135,    -0.0243,    -0.0655,     0.0000,    -0.0000,     0.0000,     0.0000,     0.6190,     0.5310,     0.7175,     0.0211, 
[ 19400,  0.0000001]     1.2484,     0.0519,     0.6563,     0.7795,     6.9071,    19.2697,     0.5033,     0.2847,    10.2518,    29.7900,     0.0712,    -0.0135,    -0.0243,    -0.0655,     0.0000,     0.0000,     0.0000,     0.0000,     0.6062,     0.5026,     0.7150,     0.0211, 
[ 19500,  0.0000001]     1.0264,     0.0627,     0.6348,     0.7775,     6.7786,    20.3739,     0.5112,     0.2824,    10.1540,    29.8400,     0.0712,    -0.0135,    -0.0243,    -0.0655,     0.0000,     0.0000,    -0.0000,     0.0000,     0.5925,     0.4913,     0.6975,     0.0211, 
[ 19600,  0.0000001]     1.1548,     0.0711,     0.6458,     0.7666,     6.5961,    21.2978,     0.5025,     0.2965,    10.4598,    29.8400,     0.0712,    -0.0135,    -0.0243,    -0.0655,     0.0000,     0.0000,    -0.0000,     0.0000,     0.6037,     0.4965,     0.7208,     0.0211, 
[ 19700,  0.0000000]     1.0037,     0.0567,     0.6795,     0.7673,     6.2640,    21.0417,     0.5190,     0.2998,    10.6245,    29.8500,     0.0712,    -0.0135,    -0.0243,    -0.0655,     0.0000,     0.0000,    -0.0000,    -0.0000,     0.5902,     0.4994,     0.6890,     0.0211, 
[ 19800,  0.0000000]     1.1448,     0.0559,     0.6957,     0.7875,     5.9728,    18.3347,     0.4999,     0.2988,    10.6190,    29.8400,     0.0712,    -0.0135,    -0.0243,    -0.0655,     0.0000,     0.0000,    -0.0000,     0.0000,     0.6307,     0.5411,     0.7222,     0.0211, 
[ 19900,  0.0000000]     1.3587,     0.0633,     0.6216,     0.7822,     6.6002,    17.6281,     0.5094,     0.2830,    10.2411,    29.6700,     0.0712,    -0.0135,    -0.0243,    -0.0655,     0.0000,    -0.0000,     0.0000,    -0.0000,     0.6029,     0.4949,     0.7188,     0.0211, 
[ 20000,  0.0000000]     0.7111,     0.0449,     0.6699,     0.8326,     6.6312,    18.0362,     0.5203,     0.2918,    10.3832,    29.8900,     0.0712,    -0.0135,    -0.0243,    -0.0655,     0.0000,     0.0000,     0.0000,     0.0000,     0.6101,     0.5082,     0.7146,     0.0211, 
[CKPT] saved checkpoints/full_imu_tartan_v2_long_20k_020000.pth
[CKPT] saved checkpoints/full_imu_tartan_v2_long_20k_final_020000.pth
/home/ubuntu/DROID-SLAM/train.py:90: FutureWarning: You are using `torch.load` with `weights_only=False` (the current default value), which uses the default pickle module implicitly. It is possible to construct malicious pickle data which will execute arbitrary code during unpickling (See https://github.com/pytorch/pytorch/blob/main/SECURITY.md#untrusted-models for more details). In a future release, the default value for `weights_only` will be flipped to `True`. This limits the functions that could be executed during unpickling. Arbitrary objects will no longer be allowed to be loaded via this mode unless they are explicitly allowlisted by the user via `torch.serialization.add_safe_globals`. We recommend you start setting `weights_only=True` for any use case where you don't have full control of the loaded file. Please open an issue on GitHub for any issues related to this experimental feature.
  (k.replace("module.", ""), v) for (k, v) in torch.load(args.ckpt).items()
/home/ubuntu/miniconda3/envs/droid_env/lib/python3.8/site-packages/torch/functional.py:513: UserWarning: torch.meshgrid: in an upcoming release, it will be required to pass the indexing argument. (Triggered internally at ../aten/src/ATen/native/TensorShape.cpp:3609.)
  return _VF.meshgrid(tensors, **kwargs)  # type: ignore[attr-defined]
/home/ubuntu/miniconda3/envs/droid_env/lib/python3.8/site-packages/torch/optim/lr_scheduler.py:2081: UserWarning: To get the last learning rate computed by the scheduler, please use `get_last_lr()`.
  _warn_get_lr_called_within_step(self)
